
> short-shepherd@0.0.1 build
> astro build

19:35:17 [content] Syncing content
19:35:17 [WARN] [glob-loader] No files found matching "**/*{.md,.mdx},!**/_*/**/*{.md,.mdx},!**/_*{.md,.mdx}" in directory "src\content\dossiers"
19:35:17 [content] Synced content
19:35:17 [types] Generated 2.11s
19:35:17 [build] output: "static"
19:35:17 [build] mode: "static"
19:35:17 [build] directory: C:\Users\vleon\Downloads\Portfolio-main\Portfolio-main\dist\
19:35:17 [build] Collecting build info...
19:35:17 [build] Γ£ô Completed in 2.26s.
19:35:17 [build] Building static entrypoints...
19:35:28 [vite] [32mΓ£ô built in 10.29s[39m
19:35:28 [build] Γ£ô Completed in 10.54s.

 building client (vite) 
19:35:28 [vite] transforming...
19:35:30 [vite] [32mΓ£ô[39m 54 modules transformed.
19:35:30 [vite] rendering chunks...
19:35:30 [vite] computing gzip size...
19:35:31 [vite] [2mdist/[22m[36m_astro/jsxRuntime.module.BSCWCfwz.js  [39m[1m[2m  0.42 kB[22m[1m[22m[2m Γöé gzip:  0.30 kB[22m
19:35:31 [vite] [2mdist/[22m[36m_astro/client.55EIqfpx.js             [39m[1m[2m  2.31 kB[22m[1m[22m[2m Γöé gzip:  1.25 kB[22m
19:35:31 [vite] [2mdist/[22m[36m_astro/hooks.module.BCzQBtks.js       [39m[1m[2m  2.64 kB[22m[1m[22m[2m Γöé gzip:  1.16 kB[22m
19:35:31 [vite] [2mdist/[22m[36m_astro/SkewnessExplorer.Ej_G8Sn2.js   [39m[1m[2m  6.93 kB[22m[1m[22m[2m Γöé gzip:  2.29 kB[22m
19:35:31 [vite] [2mdist/[22m[36m_astro/signals.module.LZUFmdcq.js     [39m[1m[2m  7.54 kB[22m[1m[22m[2m Γöé gzip:  2.89 kB[22m
19:35:31 [vite] [2mdist/[22m[36m_astro/KurtosisExplorer.QL9hsM5X.js   [39m[1m[2m  7.73 kB[22m[1m[22m[2m Γöé gzip:  2.48 kB[22m
19:35:31 [vite] [2mdist/[22m[36m_astro/preact.module.IsPPbktY.js      [39m[1m[2m 10.45 kB[22m[1m[22m[2m Γöé gzip:  4.45 kB[22m
19:35:31 [vite] [2mdist/[22m[36m_astro/BoxPlotExplorer.DK3mjTPQ.js    [39m[1m[2m 11.02 kB[22m[1m[22m[2m Γöé gzip:  3.40 kB[22m
19:35:31 [vite] [2mdist/[22m[36m_astro/CommentSection.Daqx1sWn.js     [39m[1m[2m196.18 kB[22m[1m[22m[2m Γöé gzip: 51.70 kB[22m
19:35:31 [vite] [32mΓ£ô built in 2.75s[39m

 generating static routes 
19:35:31 Γû╢ src/pages/blog/dossier/[slug].astro
node.exe : The collection "dossiers" does not exist or is empty. 
Please check your content config file for errors.
Au caractère Ligne:1 : 1
+ & "C:\Program Files\nodejs/node.exe" 
"C:\Users\vleon\AppData\Roaming\ ...
+ ~~~~~~~~~~~~~~~~~~~~~~~~~~~~~~~~~~~~~~~~~~~~~~~~~~~~~~~~~~~~~~~~
~~~~~
    + CategoryInfo          : NotSpecified: (The collection ...il 
   e for errors.:String) [], RemoteException
    + FullyQualifiedErrorId : NativeCommandError
 
19:35:31   ΓööΓöÇ /blog/dossier/build-llm-from-scratch/index.html (+40ms) 
19:35:31 Γû╢ src/pages/blog/dossier/[dossier]/[...slug].astro
The collection "dossiers" does not exist or is empty. Please 
check your content config file for errors.
19:35:31 Γû╢ src/pages/blog/index.astro
19:35:31   ΓööΓöÇ /blog/index.html (+21ms) 
19:35:31 Γû╢ src/pages/blog/[...slug].astro
19:35:31   Γö£ΓöÇ /blog/descriptive-statistics/index.html (+424ms) 
19:35:31   ΓööΓöÇ /blog/beyond-the-formulas/index.html (+15ms) 
19:35:31 Γû╢ src/pages/competences.astro
19:35:31   ΓööΓöÇ /competences/index.html (+8ms) 
19:35:31 Γû╢ src/pages/experience.astro
19:35:31   ΓööΓöÇ /experience/index.html (+9ms) 
19:35:31 Γû╢ src/pages/formation.astro
19:35:31   ΓööΓöÇ /formation/index.html (+10ms) 
19:35:31 Γû╢ src/pages/projects.astro
19:35:31   ΓööΓöÇ /projects/index.html (+9ms) 
19:35:31 Γû╢ src/pages/index.astro
19:35:31   ΓööΓöÇ /index.html (+18ms) 
19:35:32 Γ£ô Completed in 973ms.

19:35:32 [@astrojs/sitemap] `sitemap-index.xml` created at `dist`
19:35:32 [build] 9 page(s) built in 16.74s
19:35:32 [build] Complete!
